'矾寰勶細02Business' 不是内部或外部命令，也不是可运行的程序
或批处理文件。
[ENV] Delphi 13.1 Florence (BDS 37.0) loaded.
[ENV] DeepBase DCU: D:\_Progs\02Business\DeepBase\TestResults\dcu64
Microsoft(R) 生成引擎版本 4.8.9032.0
[Microsoft .NET Framework 版本 4.0.30319.42000]
版权所有 (C) Microsoft Corporation。保留所有权利。

生成启动时间为 2026/5/28 4:32:13。
Project "D:\_Progs\02Business\DeepDevLite\DeepDevLite.dproj" on node 1 (Build target(s)).
BuildVersionResource:
  D:\Program Files (x86)\Embarcadero\Studio\37.0\bin64\cgrc.exe -c65001 -= resinator.exe DeepDevLite.vrc -foDeepDevLite.res 
  CodeGear Resource Compiler/Binder
  Version 1.2.3 Copyright (c) 2008-2025 Embarcadero Technologies Inc.
  
  Deleting file "DeepDevLite.vrc".
  del "DeepDevLite.vrc"
_PasCoreCompile:
  D:\Program Files (x86)\Embarcadero\Studio\37.0\bin\dcc64.exe -$O- -$W+ --no-config -B -Q -TX.exe -AGenerics.Collections=System.Generics.Collections;Generics.Defaults=System.Generics.Defaults;WinTypes=Winapi.Windows;WinProcs=Winapi.Windows;DbiTypes=BDE;DbiProcs=BDE;DbiErrs=BDE -DDEBUG;;FRAMEWORK_FMX -E.\bin -I"d:\program files (x86)\embarcadero\studio\37.0\lib\Win64\debug\EN";"d:\program files (x86)\embarcadero\studio\37.0\lib\Win64\debug";"d:\program files (x86)\embarcadero\studio\37.0\lib\Win64\release\EN";..\DeepBase\TestResults\dcu32;..\DeepBase\TestResults\dcp32;..\DeepBase\Core;..\DeepBase\FMX;..\DeepBase\Persistence;..\DeepBase\Features;"d:\program files (x86)\embarcadero\studio\37.0\lib\Win64\release";D:\Personal\Documents\Embarcadero\Studio\37.0\Imports\Win64;"D:\Program Files (x86)\Embarcadero\Studio\37.0\Imports";C:\Users\Public\Documents\Embarcadero\Studio\37.0\Dcp\Win64;"D:\Program Files (x86)\Embarcadero\Studio\37.0\include";D:\Personal\Documents\Embarcadero\Studio\37.0\CatalogRepository\ICS_FMX-13\9.6\source;D:\Personal\Documents\Embarcadero\Studio\37.0\CatalogRepository\ICS_FMX-13\9.6\source\Include;D:\Personal\Documents\Embarcadero\Studio\37.0\CatalogRepository\MustangpeakCommonLibrary-13\2025.03\source;D:\Personal\Documents\Embarcadero\Studio\37.0\CatalogRepository\MustangpeakListView-13\2025.03\source;D:\Personal\Documents\Embarcadero\Studio\37.0\CatalogRepository\VirtualTreeView-13\2025.03\source;D:\Personal\Documents\Embarcadero\Studio\37.0\CatalogRepository\MustangpeakVirtualShell-13\2025.03\source;D:\Personal\Documents\Embarcadero\Studio\37.0\CatalogRepository\Python4Delphi-13\1.0\Source;D:\Personal\Documents\Embarcadero\Studio\37.0\CatalogRepository\Python4Delphi-13\1.0\Source\vcl;D:\Personal\Documents\Embarcadero\Studio\37.0\CatalogRepository\Python4Delphi-13\1.0\Source\fmx -LEC:\Users\Public\Documents\Embarcadero\Studio\37.0\Bpl\Win64 -LNC:\Users\Public\Documents\Embarcadero\Studio\37.0\Dcp\Win64 -NU.\Win64\Debug -NSSystem;Xml;Data;Datasnap;Web;Soap; -O..\DeepBase\TestResults\dcu32;..\DeepBase\TestResults\dcp32;..\DeepBase\Core;..\DeepBase\FMX;..\DeepBase\Persistence;..\DeepBase\Features;"d:\program files (x86)\embarcadero\studio\37.0\lib\Win64\release";D:\Personal\Documents\Embarcadero\Studio\37.0\Imports\Win64;"D:\Program Files (x86)\Embarcadero\Studio\37.0\Imports";C:\Users\Public\Documents\Embarcadero\Studio\37.0\Dcp\Win64;"D:\Program Files (x86)\Embarcadero\Studio\37.0\include";D:\Personal\Documents\Embarcadero\Studio\37.0\CatalogRepository\ICS_FMX-13\9.6\source;D:\Personal\Documents\Embarcadero\Studio\37.0\CatalogRepository\ICS_FMX-13\9.6\source\Include;D:\Personal\Documents\Embarcadero\Studio\37.0\CatalogRepository\MustangpeakCommonLibrary-13\2025.03\source;D:\Personal\Documents\Embarcadero\Studio\37.0\CatalogRepository\MustangpeakListView-13\2025.03\source;D:\Personal\Documents\Embarcadero\Studio\37.0\CatalogRepository\VirtualTreeView-13\2025.03\source;D:\Personal\Documents\Embarcadero\Studio\37.0\CatalogRepository\MustangpeakVirtualShell-13\2025.03\source;D:\Personal\Documents\Embarcadero\Studio\37.0\CatalogRepository\Python4Delphi-13\1.0\Source;D:\Personal\Documents\Embarcadero\Studio\37.0\CatalogRepository\Python4Delphi-13\1.0\Source\vcl;D:\Personal\Documents\Embarcadero\Studio\37.0\CatalogRepository\Python4Delphi-13\1.0\Source\fmx -R"d:\program files (x86)\embarcadero\studio\37.0\lib\Win64\release\EN";..\DeepBase\TestResults\dcu32;..\DeepBase\TestResults\dcp32;..\DeepBase\Core;..\DeepBase\FMX;..\DeepBase\Persistence;..\DeepBase\Features;"d:\program files (x86)\embarcadero\studio\37.0\lib\Win64\release";D:\Personal\Documents\Embarcadero\Studio\37.0\Imports\Win64;"D:\Program Files (x86)\Embarcadero\Studio\37.0\Imports";C:\Users\Public\Documents\Embarcadero\Studio\37.0\Dcp\Win64;"D:\Program Files (x86)\Embarcadero\Studio\37.0\include";D:\Personal\Documents\Embarcadero\Studio\37.0\CatalogRepository\ICS_FMX-13\9.6\source;D:\Personal\Documents\Embarcadero\Studio\37.0\CatalogRepository\ICS_FMX-13\9.6\source\Include;D:\Personal\Documents\Embarcadero\Studio\37.0\CatalogRepository\MustangpeakCommonLibrary-13\2025.03\source;D:\Personal\Documents\Embarcadero\Studio\37.0\CatalogRepository\MustangpeakListView-13\2025.03\source;D:\Personal\Documents\Embarcadero\Studio\37.0\CatalogRepository\VirtualTreeView-13\2025.03\source;D:\Personal\Documents\Embarcadero\Studio\37.0\CatalogRepository\MustangpeakVirtualShell-13\2025.03\source;D:\Personal\Documents\Embarcadero\Studio\37.0\CatalogRepository\Python4Delphi-13\1.0\Source;D:\Personal\Documents\Embarcadero\Studio\37.0\CatalogRepository\Python4Delphi-13\1.0\Source\vcl;D:\Personal\Documents\Embarcadero\Studio\37.0\CatalogRepository\Python4Delphi-13\1.0\Source\fmx -U"d:\program files (x86)\embarcadero\studio\37.0\lib\Win64\debug\EN";"d:\program files (x86)\embarcadero\studio\37.0\lib\Win64\debug";"d:\program files (x86)\embarcadero\studio\37.0\lib\Win64\release\EN";..\DeepBase\TestResults\dcu32;..\DeepBase\TestResults\dcp32;..\DeepBase\Core;..\DeepBase\FMX;..\DeepBase\Persistence;..\DeepBase\Features;"d:\program files (x86)\embarcadero\studio\37.0\lib\Win64\release";D:\Personal\Documents\Embarcadero\Studio\37.0\Imports\Win64;"D:\Program Files (x86)\Embarcadero\Studio\37.0\Imports";C:\Users\Public\Documents\Embarcadero\Studio\37.0\Dcp\Win64;"D:\Program Files (x86)\Embarcadero\Studio\37.0\include";D:\Personal\Documents\Embarcadero\Studio\37.0\CatalogRepository\ICS_FMX-13\9.6\source;D:\Personal\Documents\Embarcadero\Studio\37.0\CatalogRepository\ICS_FMX-13\9.6\source\Include;D:\Personal\Documents\Embarcadero\Studio\37.0\CatalogRepository\MustangpeakCommonLibrary-13\2025.03\source;D:\Personal\Documents\Embarcadero\Studio\37.0\CatalogRepository\MustangpeakListView-13\2025.03\source;D:\Personal\Documents\Embarcadero\Studio\37.0\CatalogRepository\VirtualTreeView-13\2025.03\source;D:\Personal\Documents\Embarcadero\Studio\37.0\CatalogRepository\MustangpeakVirtualShell-13\2025.03\source;D:\Personal\Documents\Embarcadero\Studio\37.0\CatalogRepository\Python4Delphi-13\1.0\Source;D:\Personal\Documents\Embarcadero\Studio\37.0\CatalogRepository\Python4Delphi-13\1.0\Source\vcl;D:\Personal\Documents\Embarcadero\Studio\37.0\CatalogRepository\Python4Delphi-13\1.0\Source\fmx -V -VN -VR -GD -NBC:\Users\Public\Documents\Embarcadero\Studio\37.0\Dcp\Win64 -NHC:\Users\Public\Documents\Embarcadero\Studio\37.0\hpp\Win64 -NO.\Win64\Debug  DeepDevLite.dpr   
  Embarcadero Delphi for Win64 compiler version 37.0
  Copyright (c) 1983,2026 Embarcadero Technologies, Inc.
D:\_Progs\02Business\DeepBase\Core\DeepBase.i18n.Plural.pas(596): Hint warning H2164: Variable 'Idx' is declared but never used in 'TPluralRules.SelectForm' [D:\_Progs\02Business\DeepDevLite\DeepDevLite.dproj]
D:\_Progs\02Business\DeepBase\Core\DeepBase.Logging.pas(88): Hint warning H2219: Private symbol 'NextRotatedFileName' declared but never used [D:\_Progs\02Business\DeepDevLite\DeepDevLite.dproj]
D:\_Progs\02Business\DeepBase\Core\DeepBase.PluginManager.pas(885): Hint warning H2077: Value assigned to 'TDeepBasePluginManager.IsValidPluginPath' never used [D:\_Progs\02Business\DeepDevLite\DeepDevLite.dproj]
D:\_Progs\02Business\DeepBase\Core\DeepBase.FormState.pas(416): Hint warning H2443: Inline function 'TRttiType.GetHandle' has not been expanded because unit 'System.TypInfo' is not specified in USES list [D:\_Progs\02Business\DeepDevLite\DeepDevLite.dproj]
D:\_Progs\02Business\DeepBase\Core\DeepBase.Manager.Operational.pas(56): Hint warning H2077: Value assigned to 'TDeepBaseManagerOperational.GetRetentionDays' never used [D:\_Progs\02Business\DeepDevLite\DeepDevLite.dproj]
D:\_Progs\02Business\DeepBase\Core\DeepBase.Manager.pas(581): Hint warning H2077: Value assigned to 'TDeepBaseManager.DoLocateConfigDB' never used [D:\_Progs\02Business\DeepDevLite\DeepDevLite.dproj]
D:\_Progs\02Business\DeepBase\Core\DeepBase.Manager.pas(114): Hint warning H2219: Private symbol 'ValidateSchemaVersion' declared but never used [D:\_Progs\02Business\DeepDevLite\DeepDevLite.dproj]
D:\_Progs\02Business\DeepBase\Core\DeepBase.Manager.pas(117): Hint warning H2219: Private symbol 'MigrateSchemaInternal' declared but never used [D:\_Progs\02Business\DeepDevLite\DeepDevLite.dproj]
D:\_Progs\02Business\DeepBase\Core\DeepBase.Manager.pas(118): Hint warning H2219: Private symbol 'RunMigrationScript' declared but never used [D:\_Progs\02Business\DeepDevLite\DeepDevLite.dproj]
D:\_Progs\02Business\DeepBase\Core\DeepBase.Manager.pas(119): Hint warning H2219: Private symbol 'EnsureSchemaColumns' declared but never used [D:\_Progs\02Business\DeepDevLite\DeepDevLite.dproj]
D:\_Progs\02Business\DeepBase\Core\DeepBase.Manager.pas(121): Hint warning H2219: Private symbol 'GetRetentionDays' declared but never used [D:\_Progs\02Business\DeepDevLite\DeepDevLite.dproj]
D:\_Progs\02Business\DeepBase\Core\DeepBase.Manager.pas(123): Hint warning H2219: Private symbol 'TableExists' declared but never used [D:\_Progs\02Business\DeepDevLite\DeepDevLite.dproj]
D:\_Progs\02Business\DeepBase\Core\DeepBase.Manager.pas(124): Hint warning H2219: Private symbol 'TableHasColumn' declared but never used [D:\_Progs\02Business\DeepDevLite\DeepDevLite.dproj]
D:\_Progs\02Business\DeepBase\Core\DeepBase.Manager.pas(125): Hint warning H2219: Private symbol 'ResolveTimeColumn' declared but never used [D:\_Progs\02Business\DeepDevLite\DeepDevLite.dproj]
D:\_Progs\02Business\DeepBase\Core\DeepBase.Manager.pas(127): Hint warning H2219: Private symbol 'ArchiveAndTrimTable' declared but never used [D:\_Progs\02Business\DeepDevLite\DeepDevLite.dproj]
D:\_Progs\02Business\DeepBase\Persistence\DeepBase.Persistence.Config.FireDAC.pas(60): Hint warning H2443: Inline function 'TFDParam.SetAsString' has not been expanded because unit 'FireDAC.Stan.Param' is not specified in USES list [D:\_Progs\02Business\DeepDevLite\DeepDevLite.dproj]
D:\_Progs\02Business\DeepBase\Persistence\DeepBase.Persistence.Config.FireDAC.pas(83): Hint warning H2443: Inline function 'TFDParam.SetAsString' has not been expanded because unit 'FireDAC.Stan.Param' is not specified in USES list [D:\_Progs\02Business\DeepDevLite\DeepDevLite.dproj]
D:\_Progs\02Business\DeepBase\Persistence\DeepBase.Persistence.Config.FireDAC.pas(84): Hint warning H2443: Inline function 'TFDParam.SetAsString' has not been expanded because unit 'FireDAC.Stan.Param' is not specified in USES list [D:\_Progs\02Business\DeepDevLite\DeepDevLite.dproj]
D:\_Progs\02Business\DeepBase\Persistence\DeepBase.Persistence.Config.FireDAC.pas(85): Hint warning H2443: Inline function 'TFDParam.SetAsString' has not been expanded because unit 'FireDAC.Stan.Param' is not specified in USES list [D:\_Progs\02Business\DeepDevLite\DeepDevLite.dproj]
D:\_Progs\02Business\DeepBase\Persistence\DeepBase.Persistence.Config.FireDAC.pas(86): Hint warning H2443: Inline function 'TFDParam.SetAsString' has not been expanded because unit 'FireDAC.Stan.Param' is not specified in USES list [D:\_Progs\02Business\DeepDevLite\DeepDevLite.dproj]
D:\_Progs\02Business\DeepBase\Persistence\DeepBase.Persistence.Config.FireDAC.pas(87): Hint warning H2443: Inline function 'TFDParam.SetAsString' has not been expanded because unit 'FireDAC.Stan.Param' is not specified in USES list [D:\_Progs\02Business\DeepDevLite\DeepDevLite.dproj]
D:\_Progs\02Business\DeepBase\Persistence\DeepBase.Persistence.Config.FireDAC.pas(138): Hint warning H2443: Inline function 'TFDParam.SetAsString' has not been expanded because unit 'FireDAC.Stan.Param' is not specified in USES list [D:\_Progs\02Business\DeepDevLite\DeepDevLite.dproj]
D:\_Progs\02Business\DeepBase\Persistence\DeepBase.Persistence.Config.FireDAC.pas(165): Hint warning H2443: Inline function 'TFDParam.SetAsString' has not been expanded because unit 'FireDAC.Stan.Param' is not specified in USES list [D:\_Progs\02Business\DeepDevLite\DeepDevLite.dproj]
D:\_Progs\02Business\DeepBase\Persistence\DeepBase.Persistence.Config.FireDAC.pas(184): Hint warning H2443: Inline function 'TFDParam.SetAsString' has not been expanded because unit 'FireDAC.Stan.Param' is not specified in USES list [D:\_Progs\02Business\DeepDevLite\DeepDevLite.dproj]
D:\_Progs\02Business\DeepBase\Persistence\DeepBase.Persistence.Manager.FireDAC.pas(138): Hint warning H2443: Inline function 'TFDParam.SetAsString' has not been expanded because unit 'FireDAC.Stan.Param' is not specified in USES list [D:\_Progs\02Business\DeepDevLite\DeepDevLite.dproj]
D:\_Progs\02Business\DeepBase\Persistence\DeepBase.Persistence.Manager.FireDAC.pas(144): Hint warning H2443: Inline function 'TFDParam.SetAsString' has not been expanded because unit 'FireDAC.Stan.Param' is not specified in USES list [D:\_Progs\02Business\DeepDevLite\DeepDevLite.dproj]
D:\_Progs\02Business\DeepBase\Persistence\DeepBase.Persistence.Manager.FireDAC.pas(189): Hint warning H2443: Inline function 'TFDParam.SetAsString' has not been expanded because unit 'FireDAC.Stan.Param' is not specified in USES list [D:\_Progs\02Business\DeepDevLite\DeepDevLite.dproj]
D:\_Progs\02Business\DeepBase\Persistence\DeepBase.Persistence.Manager.FireDAC.pas(190): Hint warning H2443: Inline function 'TFDParam.SetAsString' has not been expanded because unit 'FireDAC.Stan.Param' is not specified in USES list [D:\_Progs\02Business\DeepDevLite\DeepDevLite.dproj]
D:\_Progs\02Business\DeepBase\Persistence\DeepBase.Persistence.Manager.FireDAC.pas(264): Hint warning H2443: Inline function 'TFDParam.SetAsString' has not been expanded because unit 'FireDAC.Stan.Param' is not specified in USES list [D:\_Progs\02Business\DeepDevLite\DeepDevLite.dproj]
D:\_Progs\02Business\DeepBase\Persistence\DeepBase.Persistence.Manager.FireDAC.pas(268): Hint warning H2443: Inline function 'TFDParam.SetAsString' has not been expanded because unit 'FireDAC.Stan.Param' is not specified in USES list [D:\_Progs\02Business\DeepDevLite\DeepDevLite.dproj]
D:\_Progs\02Business\DeepBase\Persistence\DeepBase.Persistence.Manager.FireDAC.pas(293): Hint warning H2443: Inline function 'TFDParam.SetAsString' has not been expanded because unit 'FireDAC.Stan.Param' is not specified in USES list [D:\_Progs\02Business\DeepDevLite\DeepDevLite.dproj]
D:\_Progs\02Business\DeepBase\Persistence\DeepBase.Persistence.Manager.FireDAC.pas(314): Hint warning H2443: Inline function 'TFDParam.SetAsString' has not been expanded because unit 'FireDAC.Stan.Param' is not specified in USES list [D:\_Progs\02Business\DeepDevLite\DeepDevLite.dproj]
D:\_Progs\02Business\DeepBase\Persistence\DeepBase.Persistence.Manager.FireDAC.pas(315): Hint warning H2443: Inline function 'TFDParam.SetAsString' has not been expanded because unit 'FireDAC.Stan.Param' is not specified in USES list [D:\_Progs\02Business\DeepDevLite\DeepDevLite.dproj]
D:\_Progs\02Business\DeepBase\Persistence\DeepBase.SQLLogger.pas(277): Hint warning H2077: Value assigned to 'DoSlowAlert' never used [D:\_Progs\02Business\DeepDevLite\DeepDevLite.dproj]
D:\_Progs\02Business\DeepBase\Persistence\DeepBase.SQLLogger.pas(276): Hint warning H2077: Value assigned to 'DoCallback' never used [D:\_Progs\02Business\DeepDevLite\DeepDevLite.dproj]
D:\_Progs\02Business\DeepBase\Persistence\DeepBase.SQLLogger.pas(275): Hint warning H2077: Value assigned to 'DoDatabase' never used [D:\_Progs\02Business\DeepDevLite\DeepDevLite.dproj]
D:\_Progs\02Business\DeepBase\Persistence\DeepBase.SQLLogger.pas(274): Hint warning H2077: Value assigned to 'DoFile' never used [D:\_Progs\02Business\DeepDevLite\DeepDevLite.dproj]
D:\_Progs\02Business\DeepBase\Persistence\DeepBase.SQLLogger.pas(514): Hint warning H2443: Inline function 'TFDParam.SetAsString' has not been expanded because unit 'FireDAC.Stan.Param' is not specified in USES list [D:\_Progs\02Business\DeepDevLite\DeepDevLite.dproj]
D:\_Progs\02Business\DeepBase\Persistence\DeepBase.SQLLogger.pas(515): Hint warning H2443: Inline function 'TFDParam.SetAsString' has not been expanded because unit 'FireDAC.Stan.Param' is not specified in USES list [D:\_Progs\02Business\DeepDevLite\DeepDevLite.dproj]
D:\_Progs\02Business\DeepBase\Persistence\DeepBase.SQLLogger.pas(516): Hint warning H2443: Inline function 'TFDParam.SetAsString' has not been expanded because unit 'FireDAC.Stan.Param' is not specified in USES list [D:\_Progs\02Business\DeepDevLite\DeepDevLite.dproj]
D:\_Progs\02Business\DeepBase\Persistence\DeepBase.SQLLogger.pas(517): Hint warning H2443: Inline function 'TFDParam.SetAsString' has not been expanded because unit 'FireDAC.Stan.Param' is not specified in USES list [D:\_Progs\02Business\DeepDevLite\DeepDevLite.dproj]
D:\_Progs\02Business\DeepBase\Persistence\DeepBase.SQLLogger.pas(520): Hint warning H2443: Inline function 'TFDParam.SetAsString' has not been expanded because unit 'FireDAC.Stan.Param' is not specified in USES list [D:\_Progs\02Business\DeepDevLite\DeepDevLite.dproj]
D:\_Progs\02Business\DeepBase\Persistence\DeepBase.SQLLogger.pas(521): Hint warning H2443: Inline function 'TFDParam.SetAsString' has not been expanded because unit 'FireDAC.Stan.Param' is not specified in USES list [D:\_Progs\02Business\DeepDevLite\DeepDevLite.dproj]
D:\_Progs\02Business\DeepBase\Persistence\DeepBase.SQLLogger.pas(522): Hint warning H2443: Inline function 'TFDParam.SetAsDateTime' has not been expanded because unit 'FireDAC.Stan.Param' is not specified in USES list [D:\_Progs\02Business\DeepDevLite\DeepDevLite.dproj]
D:\_Progs\02Business\DeepBase\Persistence\DeepBase.SQLLogger.pas(523): Hint warning H2443: Inline function 'TFDParam.SetAsString' has not been expanded because unit 'FireDAC.Stan.Param' is not specified in USES list [D:\_Progs\02Business\DeepDevLite\DeepDevLite.dproj]
D:\_Progs\02Business\DeepBase\Persistence\DeepBase.SQLLogger.pas(524): Hint warning H2443: Inline function 'TFDParam.SetAsString' has not been expanded because unit 'FireDAC.Stan.Param' is not specified in USES list [D:\_Progs\02Business\DeepDevLite\DeepDevLite.dproj]
D:\_Progs\02Business\DeepBase\Persistence\DeepBase.SQLLogger.pas(534): Hint warning H2443: Inline function 'TFDParam.SetAsString' has not been expanded because unit 'FireDAC.Stan.Param' is not specified in USES list [D:\_Progs\02Business\DeepDevLite\DeepDevLite.dproj]
D:\_Progs\02Business\DeepBase\Persistence\DeepBase.DB.DoQry.pas(729): Hint warning H2164: Variable 'G' is declared but never used in 'BindJsonParams' [D:\_Progs\02Business\DeepDevLite\DeepDevLite.dproj]
D:\_Progs\02Business\DeepBase\Core\DeepBase.AutoFix.StackWalker.pas(95): Hint warning H2077: Value assigned to 'LCount' never used [D:\_Progs\02Business\DeepDevLite\DeepDevLite.dproj]
D:\_Progs\02Business\DeepBase\Core\DeepBase.AutoFix.ScenarioRunner.pas(149): warning W1000: Symbol 'EStackOverflow' is deprecated [D:\_Progs\02Business\DeepDevLite\DeepDevLite.dproj]
CtrlAIAdapter.pas(146): Hint warning H2443: Inline function 'TJSONArray.GetValue' has not been expanded because unit 'System.Generics.Collections' is not specified in USES list [D:\_Progs\02Business\DeepDevLite\DeepDevLite.dproj]
CtrlAIAdapter.pas(187): Hint warning H2443: Inline function 'THTTPClient.SetContentType' has not been expanded because unit 'System.NetConsts' is not specified in USES list [D:\_Progs\02Business\DeepDevLite\DeepDevLite.dproj]
CtrlContracts.pas(75): Hint warning H2443: Inline function 'TFDParam.SetAsString' has not been expanded because unit 'FireDAC.Stan.Param' is not specified in USES list [D:\_Progs\02Business\DeepDevLite\DeepDevLite.dproj]
CtrlContracts.pas(76): Hint warning H2443: Inline function 'TFDParam.SetAsString' has not been expanded because unit 'FireDAC.Stan.Param' is not specified in USES list [D:\_Progs\02Business\DeepDevLite\DeepDevLite.dproj]
CtrlContracts.pas(77): Hint warning H2443: Inline function 'TFDParam.SetAsString' has not been expanded because unit 'FireDAC.Stan.Param' is not specified in USES list [D:\_Progs\02Business\DeepDevLite\DeepDevLite.dproj]
CtrlContracts.pas(78): Hint warning H2443: Inline function 'TFDParam.SetAsString' has not been expanded because unit 'FireDAC.Stan.Param' is not specified in USES list [D:\_Progs\02Business\DeepDevLite\DeepDevLite.dproj]
CtrlContracts.pas(81): Hint warning H2443: Inline function 'TFDParam.SetAsString' has not been expanded because unit 'FireDAC.Stan.Param' is not specified in USES list [D:\_Progs\02Business\DeepDevLite\DeepDevLite.dproj]
CtrlContracts.pas(83): Hint warning H2443: Inline function 'TFDParam.SetAsString' has not been expanded because unit 'FireDAC.Stan.Param' is not specified in USES list [D:\_Progs\02Business\DeepDevLite\DeepDevLite.dproj]
CtrlContracts.pas(85): Hint warning H2443: Inline function 'TFDParam.SetAsString' has not been expanded because unit 'FireDAC.Stan.Param' is not specified in USES list [D:\_Progs\02Business\DeepDevLite\DeepDevLite.dproj]
CtrlContracts.pas(88): Hint warning H2443: Inline function 'TFDParam.SetAsString' has not been expanded because unit 'FireDAC.Stan.Param' is not specified in USES list [D:\_Progs\02Business\DeepDevLite\DeepDevLite.dproj]
CtrlContracts.pas(66): Hint warning H2077: Value assigned to 'TContractController.SaveContract' never used [D:\_Progs\02Business\DeepDevLite\DeepDevLite.dproj]
CtrlContracts.pas(63): Hint warning H2164: Variable 'I' is declared but never used in 'TContractController.SaveContract' [D:\_Progs\02Business\DeepDevLite\DeepDevLite.dproj]
CtrlContracts.pas(64): Hint warning H2164: Variable 'ScenariosJSON' is declared but never used in 'TContractController.SaveContract' [D:\_Progs\02Business\DeepDevLite\DeepDevLite.dproj]
CtrlContracts.pas(108): Hint warning H2443: Inline function 'TFDParam.SetAsString' has not been expanded because unit 'FireDAC.Stan.Param' is not specified in USES list [D:\_Progs\02Business\DeepDevLite\DeepDevLite.dproj]
CtrlContracts.pas(154): Hint warning H2077: Value assigned to 'TContractController.ParseYAMLContract' never used [D:\_Progs\02Business\DeepDevLite\DeepDevLite.dproj]
CtrlTasks.pas(63): Hint warning H2443: Inline function 'TFDParam.SetAsString' has not been expanded because unit 'FireDAC.Stan.Param' is not specified in USES list [D:\_Progs\02Business\DeepDevLite\DeepDevLite.dproj]
CtrlTasks.pas(64): Hint warning H2443: Inline function 'TFDParam.SetAsString' has not been expanded because unit 'FireDAC.Stan.Param' is not specified in USES list [D:\_Progs\02Business\DeepDevLite\DeepDevLite.dproj]
CtrlTasks.pas(65): Hint warning H2443: Inline function 'TFDParam.SetAsString' has not been expanded because unit 'FireDAC.Stan.Param' is not specified in USES list [D:\_Progs\02Business\DeepDevLite\DeepDevLite.dproj]
CtrlTasks.pas(66): Hint warning H2443: Inline function 'TFDParam.SetAsString' has not been expanded because unit 'FireDAC.Stan.Param' is not specified in USES list [D:\_Progs\02Business\DeepDevLite\DeepDevLite.dproj]
CtrlTasks.pas(67): Hint warning H2443: Inline function 'TFDParam.SetAsString' has not been expanded because unit 'FireDAC.Stan.Param' is not specified in USES list [D:\_Progs\02Business\DeepDevLite\DeepDevLite.dproj]
CtrlTasks.pas(68): Hint warning H2443: Inline function 'TFDParam.SetAsString' has not been expanded because unit 'FireDAC.Stan.Param' is not specified in USES list [D:\_Progs\02Business\DeepDevLite\DeepDevLite.dproj]
CtrlTasks.pas(54): Hint warning H2077: Value assigned to 'TTaskController.SaveTask' never used [D:\_Progs\02Business\DeepDevLite\DeepDevLite.dproj]
CtrlTasks.pas(87): Hint warning H2443: Inline function 'TFDParam.SetAsString' has not been expanded because unit 'FireDAC.Stan.Param' is not specified in USES list [D:\_Progs\02Business\DeepDevLite\DeepDevLite.dproj]
CtrlTasks.pas(123): Hint warning H2443: Inline function 'TFDParam.SetAsString' has not been expanded because unit 'FireDAC.Stan.Param' is not specified in USES list [D:\_Progs\02Business\DeepDevLite\DeepDevLite.dproj]
CtrlTasks.pas(124): Hint warning H2443: Inline function 'TFDParam.SetAsString' has not been expanded because unit 'FireDAC.Stan.Param' is not specified in USES list [D:\_Progs\02Business\DeepDevLite\DeepDevLite.dproj]
CtrlTasks.pas(125): Hint warning H2443: Inline function 'TFDParam.SetAsString' has not been expanded because unit 'FireDAC.Stan.Param' is not specified in USES list [D:\_Progs\02Business\DeepDevLite\DeepDevLite.dproj]
CtrlTasks.pas(111): Hint warning H2077: Value assigned to 'TTaskController.UpdateTaskStatus' never used [D:\_Progs\02Business\DeepDevLite\DeepDevLite.dproj]
HelperFiles.pas(49): Hint warning H2077: Value assigned to 'WriteFileContent' never used [D:\_Progs\02Business\DeepDevLite\DeepDevLite.dproj]
CtrlTestRunner.pas(282): Hint warning H2077: Value assigned to 'ExitCode' never used [D:\_Progs\02Business\DeepDevLite\DeepDevLite.dproj]
CtrlReport.pas(100): Hint warning H2443: Inline function 'TFDParam.SetAsString' has not been expanded because unit 'FireDAC.Stan.Param' is not specified in USES list [D:\_Progs\02Business\DeepDevLite\DeepDevLite.dproj]
CtrlReport.pas(101): Hint warning H2443: Inline function 'TFDParam.SetAsString' has not been expanded because unit 'FireDAC.Stan.Param' is not specified in USES list [D:\_Progs\02Business\DeepDevLite\DeepDevLite.dproj]
CtrlReport.pas(102): Hint warning H2443: Inline function 'TFDParam.SetAsString' has not been expanded because unit 'FireDAC.Stan.Param' is not specified in USES list [D:\_Progs\02Business\DeepDevLite\DeepDevLite.dproj]
CtrlReport.pas(103): Hint warning H2443: Inline function 'TFDParam.SetAsString' has not been expanded because unit 'FireDAC.Stan.Param' is not specified in USES list [D:\_Progs\02Business\DeepDevLite\DeepDevLite.dproj]
CtrlReport.pas(104): Hint warning H2443: Inline function 'TFDParam.SetAsString' has not been expanded because unit 'FireDAC.Stan.Param' is not specified in USES list [D:\_Progs\02Business\DeepDevLite\DeepDevLite.dproj]
CtrlReport.pas(105): Hint warning H2443: Inline function 'TFDParam.SetAsString' has not been expanded because unit 'FireDAC.Stan.Param' is not specified in USES list [D:\_Progs\02Business\DeepDevLite\DeepDevLite.dproj]
CtrlReport.pas(106): Hint warning H2443: Inline function 'TFDParam.SetAsInteger' has not been expanded because unit 'FireDAC.Stan.Param' is not specified in USES list [D:\_Progs\02Business\DeepDevLite\DeepDevLite.dproj]
CtrlReport.pas(107): Hint warning H2443: Inline function 'TFDParam.SetAsString' has not been expanded because unit 'FireDAC.Stan.Param' is not specified in USES list [D:\_Progs\02Business\DeepDevLite\DeepDevLite.dproj]
CtrlReport.pas(91): Hint warning H2077: Value assigned to 'TReportController.SaveReport' never used [D:\_Progs\02Business\DeepDevLite\DeepDevLite.dproj]
CtrlReport.pas(125): Hint warning H2443: Inline function 'TFDParam.SetAsString' has not been expanded because unit 'FireDAC.Stan.Param' is not specified in USES list [D:\_Progs\02Business\DeepDevLite\DeepDevLite.dproj]
CtrlReport.pas(166): Hint warning H2077: Value assigned to 'TReportController.SaveOutputCode' never used [D:\_Progs\02Business\DeepDevLite\DeepDevLite.dproj]
CtrlReport.pas(196): warning W1057: Implicit string cast from 'AnsiString' to 'string' [D:\_Progs\02Business\DeepDevLite\DeepDevLite.dproj]
CtrlReport.pas(232): warning W1057: Implicit string cast from 'AnsiString' to 'string' [D:\_Progs\02Business\DeepDevLite\DeepDevLite.dproj]
CtrlReport.pas(233): warning W1057: Implicit string cast from 'AnsiString' to 'string' [D:\_Progs\02Business\DeepDevLite\DeepDevLite.dproj]
CtrlReport.pas(190): Hint warning H2077: Value assigned to 'TReportController.SaveSealRecord' never used [D:\_Progs\02Business\DeepDevLite\DeepDevLite.dproj]
CtrlCardGenerator.pas(70): warning W1057: Implicit string cast from 'AnsiString' to 'string' [D:\_Progs\02Business\DeepDevLite\DeepDevLite.dproj]
CtrlCardGenerator.pas(71): warning W1057: Implicit string cast from 'AnsiString' to 'string' [D:\_Progs\02Business\DeepDevLite\DeepDevLite.dproj]
CtrlCardGenerator.pas(82): warning W1057: Implicit string cast from 'AnsiString' to 'string' [D:\_Progs\02Business\DeepDevLite\DeepDevLite.dproj]
CtrlCardGenerator.pas(92): warning W1057: Implicit string cast from 'AnsiString' to 'string' [D:\_Progs\02Business\DeepDevLite\DeepDevLite.dproj]
CtrlCardGenerator.pas(93): warning W1057: Implicit string cast from 'AnsiString' to 'string' [D:\_Progs\02Business\DeepDevLite\DeepDevLite.dproj]
CtrlCardGenerator.pas(102): warning W1057: Implicit string cast from 'AnsiString' to 'string' [D:\_Progs\02Business\DeepDevLite\DeepDevLite.dproj]
CtrlCardGenerator.pas(110): warning W1057: Implicit string cast from 'AnsiString' to 'string' [D:\_Progs\02Business\DeepDevLite\DeepDevLite.dproj]
CtrlCardGenerator.pas(111): warning W1057: Implicit string cast from 'AnsiString' to 'string' [D:\_Progs\02Business\DeepDevLite\DeepDevLite.dproj]
CtrlCardGenerator.pas(121): warning W1057: Implicit string cast from 'AnsiString' to 'string' [D:\_Progs\02Business\DeepDevLite\DeepDevLite.dproj]
CtrlCardGenerator.pas(130): warning W1057: Implicit string cast from 'AnsiString' to 'string' [D:\_Progs\02Business\DeepDevLite\DeepDevLite.dproj]
CtrlCardGenerator.pas(131): warning W1057: Implicit string cast from 'AnsiString' to 'string' [D:\_Progs\02Business\DeepDevLite\DeepDevLite.dproj]
CtrlCardGenerator.pas(140): warning W1057: Implicit string cast from 'AnsiString' to 'string' [D:\_Progs\02Business\DeepDevLite\DeepDevLite.dproj]
CtrlCardGenerator.pas(148): warning W1057: Implicit string cast from 'AnsiString' to 'string' [D:\_Progs\02Business\DeepDevLite\DeepDevLite.dproj]
CtrlCardGenerator.pas(149): warning W1057: Implicit string cast from 'AnsiString' to 'string' [D:\_Progs\02Business\DeepDevLite\DeepDevLite.dproj]
CtrlCardGenerator.pas(159): warning W1057: Implicit string cast from 'AnsiString' to 'string' [D:\_Progs\02Business\DeepDevLite\DeepDevLite.dproj]
CtrlCardGenerator.pas(169): warning W1057: Implicit string cast from 'AnsiString' to 'string' [D:\_Progs\02Business\DeepDevLite\DeepDevLite.dproj]
CtrlCardGenerator.pas(178): warning W1057: Implicit string cast from 'AnsiString' to 'string' [D:\_Progs\02Business\DeepDevLite\DeepDevLite.dproj]
CtrlCardGenerator.pas(186): warning W1057: Implicit string cast from 'AnsiString' to 'string' [D:\_Progs\02Business\DeepDevLite\DeepDevLite.dproj]
CtrlCardGenerator.pas(187): warning W1057: Implicit string cast from 'AnsiString' to 'string' [D:\_Progs\02Business\DeepDevLite\DeepDevLite.dproj]
CtrlCardGenerator.pas(198): warning W1057: Implicit string cast from 'AnsiString' to 'string' [D:\_Progs\02Business\DeepDevLite\DeepDevLite.dproj]
CtrlCardGenerator.pas(208): warning W1057: Implicit string cast from 'AnsiString' to 'string' [D:\_Progs\02Business\DeepDevLite\DeepDevLite.dproj]
CtrlCardGenerator.pas(217): warning W1057: Implicit string cast from 'AnsiString' to 'string' [D:\_Progs\02Business\DeepDevLite\DeepDevLite.dproj]
CtrlCardGenerator.pas(218): warning W1057: Implicit string cast from 'AnsiString' to 'string' [D:\_Progs\02Business\DeepDevLite\DeepDevLite.dproj]
CtrlCardGenerator.pas(429): Hint warning H2077: Value assigned to 'TCardGeneratorController.ExportToPNG' never used [D:\_Progs\02Business\DeepDevLite\DeepDevLite.dproj]
FraContractEditor.pas(101): warning W1000: Symbol 'DisposeOf' is deprecated: 'Use Free instead' [D:\_Progs\02Business\DeepDevLite\DeepDevLite.dproj]
FraContractEditor.pas(119): Hint warning H2164: Variable 'EdtDesc' is declared but never used in 'TFrameContractEditor.AddScenarioCard' [D:\_Progs\02Business\DeepDevLite\DeepDevLite.dproj]
FraReport.pas(49): warning W1057: Implicit string cast from 'AnsiString' to 'string' [D:\_Progs\02Business\DeepDevLite\DeepDevLite.dproj]
FraReport.pas(54): warning W1057: Implicit string cast from 'AnsiString' to 'string' [D:\_Progs\02Business\DeepDevLite\DeepDevLite.dproj]
FraReport.pas(87): warning W1000: Symbol 'DisposeOf' is deprecated: 'Use Free instead' [D:\_Progs\02Business\DeepDevLite\DeepDevLite.dproj]
FraCardGenerator.pas(135): warning W1057: Implicit string cast from 'AnsiString' to 'string' [D:\_Progs\02Business\DeepDevLite\DeepDevLite.dproj]
FraSettings.pas(68): warning W1057: Implicit string cast from 'AnsiString' to 'string' [D:\_Progs\02Business\DeepDevLite\DeepDevLite.dproj]
FraSettings.pas(79): warning W1057: Implicit string cast from 'AnsiString' to 'string' [D:\_Progs\02Business\DeepDevLite\DeepDevLite.dproj]
FraSettings.pas(85): warning W1057: Implicit string cast from 'AnsiString' to 'string' [D:\_Progs\02Business\DeepDevLite\DeepDevLite.dproj]
ViewMain.pas(156): warning W1057: Implicit string cast from 'AnsiString' to 'string' [D:\_Progs\02Business\DeepDevLite\DeepDevLite.dproj]
ViewMain.pas(166): warning W1057: Implicit string cast from 'AnsiString' to 'string' [D:\_Progs\02Business\DeepDevLite\DeepDevLite.dproj]
ViewMain.pas(180): warning W1057: Implicit string cast from 'AnsiString' to 'string' [D:\_Progs\02Business\DeepDevLite\DeepDevLite.dproj]
ViewMain.pas(228): warning W1057: Implicit string cast from 'AnsiString' to 'string' [D:\_Progs\02Business\DeepDevLite\DeepDevLite.dproj]
ViewMain.pas(253): warning W1057: Implicit string cast from 'AnsiString' to 'string' [D:\_Progs\02Business\DeepDevLite\DeepDevLite.dproj]
ViewMain.pas(263): warning W1057: Implicit string cast from 'AnsiString' to 'string' [D:\_Progs\02Business\DeepDevLite\DeepDevLite.dproj]
ViewMain.pas(273): warning W1057: Implicit string cast from 'AnsiString' to 'string' [D:\_Progs\02Business\DeepDevLite\DeepDevLite.dproj]
ViewMain.pas(278): warning W1057: Implicit string cast from 'AnsiString' to 'string' [D:\_Progs\02Business\DeepDevLite\DeepDevLite.dproj]
ViewMain.pas(304): warning W1057: Implicit string cast from 'AnsiString' to 'string' [D:\_Progs\02Business\DeepDevLite\DeepDevLite.dproj]
ViewMain.pas(343): warning W1057: Implicit string cast from 'AnsiString' to 'string' [D:\_Progs\02Business\DeepDevLite\DeepDevLite.dproj]
ViewMain.pas(347): warning W1057: Implicit string cast from 'AnsiString' to 'string' [D:\_Progs\02Business\DeepDevLite\DeepDevLite.dproj]
ViewMain.pas(348): warning W1057: Implicit string cast from 'AnsiString' to 'string' [D:\_Progs\02Business\DeepDevLite\DeepDevLite.dproj]
ViewMain.pas(349): warning W1057: Implicit string cast from 'AnsiString' to 'string' [D:\_Progs\02Business\DeepDevLite\DeepDevLite.dproj]
ViewMain.pas(350): warning W1057: Implicit string cast from 'AnsiString' to 'string' [D:\_Progs\02Business\DeepDevLite\DeepDevLite.dproj]
ViewMain.pas(45): Hint warning H2219: Private symbol 'GenerateTest' declared but never used [D:\_Progs\02Business\DeepDevLite\DeepDevLite.dproj]
ViewMain.pas(46): Hint warning H2219: Private symbol 'RunTest' declared but never used [D:\_Progs\02Business\DeepDevLite\DeepDevLite.dproj]
ViewMain.pas(47): Hint warning H2219: Private symbol 'HandleTestResults' declared but never used [D:\_Progs\02Business\DeepDevLite\DeepDevLite.dproj]
ViewMain.pas(51): Hint warning H2219: Private symbol 'CopyCodeToClipboard' declared but never used [D:\_Progs\02Business\DeepDevLite\DeepDevLite.dproj]
ViewMain.pas(52): Hint warning H2219: Private symbol 'CopyShareLink' declared but never used [D:\_Progs\02Business\DeepDevLite\DeepDevLite.dproj]
  22508 lines, 2.98 seconds, 12789272 bytes code, 1249408 bytes data.
Done Building Project "D:\_Progs\02Business\DeepDevLite\DeepDevLite.dproj" (Build target(s)).

已成功生成。

“D:\_Progs\02Business\DeepDevLite\DeepDevLite.dproj”(Build 目标) (1) ->
(_PasCoreCompile 目标) -> 
  D:\_Progs\02Business\DeepBase\Core\DeepBase.i18n.Plural.pas(596): Hint warning H2164: Variable 'Idx' is declared but never used in 'TPluralRules.SelectForm' [D:\_Progs\02Business\DeepDevLite\DeepDevLite.dproj]
  D:\_Progs\02Business\DeepBase\Core\DeepBase.Logging.pas(88): Hint warning H2219: Private symbol 'NextRotatedFileName' declared but never used [D:\_Progs\02Business\DeepDevLite\DeepDevLite.dproj]
  D:\_Progs\02Business\DeepBase\Core\DeepBase.PluginManager.pas(885): Hint warning H2077: Value assigned to 'TDeepBasePluginManager.IsValidPluginPath' never used [D:\_Progs\02Business\DeepDevLite\DeepDevLite.dproj]
  D:\_Progs\02Business\DeepBase\Core\DeepBase.FormState.pas(416): Hint warning H2443: Inline function 'TRttiType.GetHandle' has not been expanded because unit 'System.TypInfo' is not specified in USES list [D:\_Progs\02Business\DeepDevLite\DeepDevLite.dproj]
  D:\_Progs\02Business\DeepBase\Core\DeepBase.Manager.Operational.pas(56): Hint warning H2077: Value assigned to 'TDeepBaseManagerOperational.GetRetentionDays' never used [D:\_Progs\02Business\DeepDevLite\DeepDevLite.dproj]
  D:\_Progs\02Business\DeepBase\Core\DeepBase.Manager.pas(581): Hint warning H2077: Value assigned to 'TDeepBaseManager.DoLocateConfigDB' never used [D:\_Progs\02Business\DeepDevLite\DeepDevLite.dproj]
  D:\_Progs\02Business\DeepBase\Core\DeepBase.Manager.pas(114): Hint warning H2219: Private symbol 'ValidateSchemaVersion' declared but never used [D:\_Progs\02Business\DeepDevLite\DeepDevLite.dproj]
  D:\_Progs\02Business\DeepBase\Core\DeepBase.Manager.pas(117): Hint warning H2219: Private symbol 'MigrateSchemaInternal' declared but never used [D:\_Progs\02Business\DeepDevLite\DeepDevLite.dproj]
  D:\_Progs\02Business\DeepBase\Core\DeepBase.Manager.pas(118): Hint warning H2219: Private symbol 'RunMigrationScript' declared but never used [D:\_Progs\02Business\DeepDevLite\DeepDevLite.dproj]
  D:\_Progs\02Business\DeepBase\Core\DeepBase.Manager.pas(119): Hint warning H2219: Private symbol 'EnsureSchemaColumns' declared but never used [D:\_Progs\02Business\DeepDevLite\DeepDevLite.dproj]
  D:\_Progs\02Business\DeepBase\Core\DeepBase.Manager.pas(121): Hint warning H2219: Private symbol 'GetRetentionDays' declared but never used [D:\_Progs\02Business\DeepDevLite\DeepDevLite.dproj]
  D:\_Progs\02Business\DeepBase\Core\DeepBase.Manager.pas(123): Hint warning H2219: Private symbol 'TableExists' declared but never used [D:\_Progs\02Business\DeepDevLite\DeepDevLite.dproj]
  D:\_Progs\02Business\DeepBase\Core\DeepBase.Manager.pas(124): Hint warning H2219: Private symbol 'TableHasColumn' declared but never used [D:\_Progs\02Business\DeepDevLite\DeepDevLite.dproj]
  D:\_Progs\02Business\DeepBase\Core\DeepBase.Manager.pas(125): Hint warning H2219: Private symbol 'ResolveTimeColumn' declared but never used [D:\_Progs\02Business\DeepDevLite\DeepDevLite.dproj]
  D:\_Progs\02Business\DeepBase\Core\DeepBase.Manager.pas(127): Hint warning H2219: Private symbol 'ArchiveAndTrimTable' declared but never used [D:\_Progs\02Business\DeepDevLite\DeepDevLite.dproj]
  D:\_Progs\02Business\DeepBase\Persistence\DeepBase.Persistence.Config.FireDAC.pas(60): Hint warning H2443: Inline function 'TFDParam.SetAsString' has not been expanded because unit 'FireDAC.Stan.Param' is not specified in USES list [D:\_Progs\02Business\DeepDevLite\DeepDevLite.dproj]
  D:\_Progs\02Business\DeepBase\Persistence\DeepBase.Persistence.Config.FireDAC.pas(83): Hint warning H2443: Inline function 'TFDParam.SetAsString' has not been expanded because unit 'FireDAC.Stan.Param' is not specified in USES list [D:\_Progs\02Business\DeepDevLite\DeepDevLite.dproj]
  D:\_Progs\02Business\DeepBase\Persistence\DeepBase.Persistence.Config.FireDAC.pas(84): Hint warning H2443: Inline function 'TFDParam.SetAsString' has not been expanded because unit 'FireDAC.Stan.Param' is not specified in USES list [D:\_Progs\02Business\DeepDevLite\DeepDevLite.dproj]
  D:\_Progs\02Business\DeepBase\Persistence\DeepBase.Persistence.Config.FireDAC.pas(85): Hint warning H2443: Inline function 'TFDParam.SetAsString' has not been expanded because unit 'FireDAC.Stan.Param' is not specified in USES list [D:\_Progs\02Business\DeepDevLite\DeepDevLite.dproj]
  D:\_Progs\02Business\DeepBase\Persistence\DeepBase.Persistence.Config.FireDAC.pas(86): Hint warning H2443: Inline function 'TFDParam.SetAsString' has not been expanded because unit 'FireDAC.Stan.Param' is not specified in USES list [D:\_Progs\02Business\DeepDevLite\DeepDevLite.dproj]
  D:\_Progs\02Business\DeepBase\Persistence\DeepBase.Persistence.Config.FireDAC.pas(87): Hint warning H2443: Inline function 'TFDParam.SetAsString' has not been expanded because unit 'FireDAC.Stan.Param' is not specified in USES list [D:\_Progs\02Business\DeepDevLite\DeepDevLite.dproj]
  D:\_Progs\02Business\DeepBase\Persistence\DeepBase.Persistence.Config.FireDAC.pas(138): Hint warning H2443: Inline function 'TFDParam.SetAsString' has not been expanded because unit 'FireDAC.Stan.Param' is not specified in USES list [D:\_Progs\02Business\DeepDevLite\DeepDevLite.dproj]
  D:\_Progs\02Business\DeepBase\Persistence\DeepBase.Persistence.Config.FireDAC.pas(165): Hint warning H2443: Inline function 'TFDParam.SetAsString' has not been expanded because unit 'FireDAC.Stan.Param' is not specified in USES list [D:\_Progs\02Business\DeepDevLite\DeepDevLite.dproj]
  D:\_Progs\02Business\DeepBase\Persistence\DeepBase.Persistence.Config.FireDAC.pas(184): Hint warning H2443: Inline function 'TFDParam.SetAsString' has not been expanded because unit 'FireDAC.Stan.Param' is not specified in USES list [D:\_Progs\02Business\DeepDevLite\DeepDevLite.dproj]
  D:\_Progs\02Business\DeepBase\Persistence\DeepBase.Persistence.Manager.FireDAC.pas(138): Hint warning H2443: Inline function 'TFDParam.SetAsString' has not been expanded because unit 'FireDAC.Stan.Param' is not specified in USES list [D:\_Progs\02Business\DeepDevLite\DeepDevLite.dproj]
  D:\_Progs\02Business\DeepBase\Persistence\DeepBase.Persistence.Manager.FireDAC.pas(144): Hint warning H2443: Inline function 'TFDParam.SetAsString' has not been expanded because unit 'FireDAC.Stan.Param' is not specified in USES list [D:\_Progs\02Business\DeepDevLite\DeepDevLite.dproj]
  D:\_Progs\02Business\DeepBase\Persistence\DeepBase.Persistence.Manager.FireDAC.pas(189): Hint warning H2443: Inline function 'TFDParam.SetAsString' has not been expanded because unit 'FireDAC.Stan.Param' is not specified in USES list [D:\_Progs\02Business\DeepDevLite\DeepDevLite.dproj]
  D:\_Progs\02Business\DeepBase\Persistence\DeepBase.Persistence.Manager.FireDAC.pas(190): Hint warning H2443: Inline function 'TFDParam.SetAsString' has not been expanded because unit 'FireDAC.Stan.Param' is not specified in USES list [D:\_Progs\02Business\DeepDevLite\DeepDevLite.dproj]
  D:\_Progs\02Business\DeepBase\Persistence\DeepBase.Persistence.Manager.FireDAC.pas(264): Hint warning H2443: Inline function 'TFDParam.SetAsString' has not been expanded because unit 'FireDAC.Stan.Param' is not specified in USES list [D:\_Progs\02Business\DeepDevLite\DeepDevLite.dproj]
  D:\_Progs\02Business\DeepBase\Persistence\DeepBase.Persistence.Manager.FireDAC.pas(268): Hint warning H2443: Inline function 'TFDParam.SetAsString' has not been expanded because unit 'FireDAC.Stan.Param' is not specified in USES list [D:\_Progs\02Business\DeepDevLite\DeepDevLite.dproj]
  D:\_Progs\02Business\DeepBase\Persistence\DeepBase.Persistence.Manager.FireDAC.pas(293): Hint warning H2443: Inline function 'TFDParam.SetAsString' has not been expanded because unit 'FireDAC.Stan.Param' is not specified in USES list [D:\_Progs\02Business\DeepDevLite\DeepDevLite.dproj]
  D:\_Progs\02Business\DeepBase\Persistence\DeepBase.Persistence.Manager.FireDAC.pas(314): Hint warning H2443: Inline function 'TFDParam.SetAsString' has not been expanded because unit 'FireDAC.Stan.Param' is not specified in USES list [D:\_Progs\02Business\DeepDevLite\DeepDevLite.dproj]
  D:\_Progs\02Business\DeepBase\Persistence\DeepBase.Persistence.Manager.FireDAC.pas(315): Hint warning H2443: Inline function 'TFDParam.SetAsString' has not been expanded because unit 'FireDAC.Stan.Param' is not specified in USES list [D:\_Progs\02Business\DeepDevLite\DeepDevLite.dproj]
  D:\_Progs\02Business\DeepBase\Persistence\DeepBase.SQLLogger.pas(277): Hint warning H2077: Value assigned to 'DoSlowAlert' never used [D:\_Progs\02Business\DeepDevLite\DeepDevLite.dproj]
  D:\_Progs\02Business\DeepBase\Persistence\DeepBase.SQLLogger.pas(276): Hint warning H2077: Value assigned to 'DoCallback' never used [D:\_Progs\02Business\DeepDevLite\DeepDevLite.dproj]
  D:\_Progs\02Business\DeepBase\Persistence\DeepBase.SQLLogger.pas(275): Hint warning H2077: Value assigned to 'DoDatabase' never used [D:\_Progs\02Business\DeepDevLite\DeepDevLite.dproj]
  D:\_Progs\02Business\DeepBase\Persistence\DeepBase.SQLLogger.pas(274): Hint warning H2077: Value assigned to 'DoFile' never used [D:\_Progs\02Business\DeepDevLite\DeepDevLite.dproj]
  D:\_Progs\02Business\DeepBase\Persistence\DeepBase.SQLLogger.pas(514): Hint warning H2443: Inline function 'TFDParam.SetAsString' has not been expanded because unit 'FireDAC.Stan.Param' is not specified in USES list [D:\_Progs\02Business\DeepDevLite\DeepDevLite.dproj]
  D:\_Progs\02Business\DeepBase\Persistence\DeepBase.SQLLogger.pas(515): Hint warning H2443: Inline function 'TFDParam.SetAsString' has not been expanded because unit 'FireDAC.Stan.Param' is not specified in USES list [D:\_Progs\02Business\DeepDevLite\DeepDevLite.dproj]
  D:\_Progs\02Business\DeepBase\Persistence\DeepBase.SQLLogger.pas(516): Hint warning H2443: Inline function 'TFDParam.SetAsString' has not been expanded because unit 'FireDAC.Stan.Param' is not specified in USES list [D:\_Progs\02Business\DeepDevLite\DeepDevLite.dproj]
  D:\_Progs\02Business\DeepBase\Persistence\DeepBase.SQLLogger.pas(517): Hint warning H2443: Inline function 'TFDParam.SetAsString' has not been expanded because unit 'FireDAC.Stan.Param' is not specified in USES list [D:\_Progs\02Business\DeepDevLite\DeepDevLite.dproj]
  D:\_Progs\02Business\DeepBase\Persistence\DeepBase.SQLLogger.pas(520): Hint warning H2443: Inline function 'TFDParam.SetAsString' has not been expanded because unit 'FireDAC.Stan.Param' is not specified in USES list [D:\_Progs\02Business\DeepDevLite\DeepDevLite.dproj]
  D:\_Progs\02Business\DeepBase\Persistence\DeepBase.SQLLogger.pas(521): Hint warning H2443: Inline function 'TFDParam.SetAsString' has not been expanded because unit 'FireDAC.Stan.Param' is not specified in USES list [D:\_Progs\02Business\DeepDevLite\DeepDevLite.dproj]
  D:\_Progs\02Business\DeepBase\Persistence\DeepBase.SQLLogger.pas(522): Hint warning H2443: Inline function 'TFDParam.SetAsDateTime' has not been expanded because unit 'FireDAC.Stan.Param' is not specified in USES list [D:\_Progs\02Business\DeepDevLite\DeepDevLite.dproj]
  D:\_Progs\02Business\DeepBase\Persistence\DeepBase.SQLLogger.pas(523): Hint warning H2443: Inline function 'TFDParam.SetAsString' has not been expanded because unit 'FireDAC.Stan.Param' is not specified in USES list [D:\_Progs\02Business\DeepDevLite\DeepDevLite.dproj]
  D:\_Progs\02Business\DeepBase\Persistence\DeepBase.SQLLogger.pas(524): Hint warning H2443: Inline function 'TFDParam.SetAsString' has not been expanded because unit 'FireDAC.Stan.Param' is not specified in USES list [D:\_Progs\02Business\DeepDevLite\DeepDevLite.dproj]
  D:\_Progs\02Business\DeepBase\Persistence\DeepBase.SQLLogger.pas(534): Hint warning H2443: Inline function 'TFDParam.SetAsString' has not been expanded because unit 'FireDAC.Stan.Param' is not specified in USES list [D:\_Progs\02Business\DeepDevLite\DeepDevLite.dproj]
  D:\_Progs\02Business\DeepBase\Persistence\DeepBase.DB.DoQry.pas(729): Hint warning H2164: Variable 'G' is declared but never used in 'BindJsonParams' [D:\_Progs\02Business\DeepDevLite\DeepDevLite.dproj]
  D:\_Progs\02Business\DeepBase\Core\DeepBase.AutoFix.StackWalker.pas(95): Hint warning H2077: Value assigned to 'LCount' never used [D:\_Progs\02Business\DeepDevLite\DeepDevLite.dproj]
  D:\_Progs\02Business\DeepBase\Core\DeepBase.AutoFix.ScenarioRunner.pas(149): warning W1000: Symbol 'EStackOverflow' is deprecated [D:\_Progs\02Business\DeepDevLite\DeepDevLite.dproj]
  CtrlAIAdapter.pas(146): Hint warning H2443: Inline function 'TJSONArray.GetValue' has not been expanded because unit 'System.Generics.Collections' is not specified in USES list [D:\_Progs\02Business\DeepDevLite\DeepDevLite.dproj]
  CtrlAIAdapter.pas(187): Hint warning H2443: Inline function 'THTTPClient.SetContentType' has not been expanded because unit 'System.NetConsts' is not specified in USES list [D:\_Progs\02Business\DeepDevLite\DeepDevLite.dproj]
  CtrlContracts.pas(75): Hint warning H2443: Inline function 'TFDParam.SetAsString' has not been expanded because unit 'FireDAC.Stan.Param' is not specified in USES list [D:\_Progs\02Business\DeepDevLite\DeepDevLite.dproj]
  CtrlContracts.pas(76): Hint warning H2443: Inline function 'TFDParam.SetAsString' has not been expanded because unit 'FireDAC.Stan.Param' is not specified in USES list [D:\_Progs\02Business\DeepDevLite\DeepDevLite.dproj]
  CtrlContracts.pas(77): Hint warning H2443: Inline function 'TFDParam.SetAsString' has not been expanded because unit 'FireDAC.Stan.Param' is not specified in USES list [D:\_Progs\02Business\DeepDevLite\DeepDevLite.dproj]
  CtrlContracts.pas(78): Hint warning H2443: Inline function 'TFDParam.SetAsString' has not been expanded because unit 'FireDAC.Stan.Param' is not specified in USES list [D:\_Progs\02Business\DeepDevLite\DeepDevLite.dproj]
  CtrlContracts.pas(81): Hint warning H2443: Inline function 'TFDParam.SetAsString' has not been expanded because unit 'FireDAC.Stan.Param' is not specified in USES list [D:\_Progs\02Business\DeepDevLite\DeepDevLite.dproj]
  CtrlContracts.pas(83): Hint warning H2443: Inline function 'TFDParam.SetAsString' has not been expanded because unit 'FireDAC.Stan.Param' is not specified in USES list [D:\_Progs\02Business\DeepDevLite\DeepDevLite.dproj]
  CtrlContracts.pas(85): Hint warning H2443: Inline function 'TFDParam.SetAsString' has not been expanded because unit 'FireDAC.Stan.Param' is not specified in USES list [D:\_Progs\02Business\DeepDevLite\DeepDevLite.dproj]
  CtrlContracts.pas(88): Hint warning H2443: Inline function 'TFDParam.SetAsString' has not been expanded because unit 'FireDAC.Stan.Param' is not specified in USES list [D:\_Progs\02Business\DeepDevLite\DeepDevLite.dproj]
  CtrlContracts.pas(66): Hint warning H2077: Value assigned to 'TContractController.SaveContract' never used [D:\_Progs\02Business\DeepDevLite\DeepDevLite.dproj]
  CtrlContracts.pas(63): Hint warning H2164: Variable 'I' is declared but never used in 'TContractController.SaveContract' [D:\_Progs\02Business\DeepDevLite\DeepDevLite.dproj]
  CtrlContracts.pas(64): Hint warning H2164: Variable 'ScenariosJSON' is declared but never used in 'TContractController.SaveContract' [D:\_Progs\02Business\DeepDevLite\DeepDevLite.dproj]
  CtrlContracts.pas(108): Hint warning H2443: Inline function 'TFDParam.SetAsString' has not been expanded because unit 'FireDAC.Stan.Param' is not specified in USES list [D:\_Progs\02Business\DeepDevLite\DeepDevLite.dproj]
  CtrlContracts.pas(154): Hint warning H2077: Value assigned to 'TContractController.ParseYAMLContract' never used [D:\_Progs\02Business\DeepDevLite\DeepDevLite.dproj]
  CtrlTasks.pas(63): Hint warning H2443: Inline function 'TFDParam.SetAsString' has not been expanded because unit 'FireDAC.Stan.Param' is not specified in USES list [D:\_Progs\02Business\DeepDevLite\DeepDevLite.dproj]
  CtrlTasks.pas(64): Hint warning H2443: Inline function 'TFDParam.SetAsString' has not been expanded because unit 'FireDAC.Stan.Param' is not specified in USES list [D:\_Progs\02Business\DeepDevLite\DeepDevLite.dproj]
  CtrlTasks.pas(65): Hint warning H2443: Inline function 'TFDParam.SetAsString' has not been expanded because unit 'FireDAC.Stan.Param' is not specified in USES list [D:\_Progs\02Business\DeepDevLite\DeepDevLite.dproj]
  CtrlTasks.pas(66): Hint warning H2443: Inline function 'TFDParam.SetAsString' has not been expanded because unit 'FireDAC.Stan.Param' is not specified in USES list [D:\_Progs\02Business\DeepDevLite\DeepDevLite.dproj]
  CtrlTasks.pas(67): Hint warning H2443: Inline function 'TFDParam.SetAsString' has not been expanded because unit 'FireDAC.Stan.Param' is not specified in USES list [D:\_Progs\02Business\DeepDevLite\DeepDevLite.dproj]
  CtrlTasks.pas(68): Hint warning H2443: Inline function 'TFDParam.SetAsString' has not been expanded because unit 'FireDAC.Stan.Param' is not specified in USES list [D:\_Progs\02Business\DeepDevLite\DeepDevLite.dproj]
  CtrlTasks.pas(54): Hint warning H2077: Value assigned to 'TTaskController.SaveTask' never used [D:\_Progs\02Business\DeepDevLite\DeepDevLite.dproj]
  CtrlTasks.pas(87): Hint warning H2443: Inline function 'TFDParam.SetAsString' has not been expanded because unit 'FireDAC.Stan.Param' is not specified in USES list [D:\_Progs\02Business\DeepDevLite\DeepDevLite.dproj]
  CtrlTasks.pas(123): Hint warning H2443: Inline function 'TFDParam.SetAsString' has not been expanded because unit 'FireDAC.Stan.Param' is not specified in USES list [D:\_Progs\02Business\DeepDevLite\DeepDevLite.dproj]
  CtrlTasks.pas(124): Hint warning H2443: Inline function 'TFDParam.SetAsString' has not been expanded because unit 'FireDAC.Stan.Param' is not specified in USES list [D:\_Progs\02Business\DeepDevLite\DeepDevLite.dproj]
  CtrlTasks.pas(125): Hint warning H2443: Inline function 'TFDParam.SetAsString' has not been expanded because unit 'FireDAC.Stan.Param' is not specified in USES list [D:\_Progs\02Business\DeepDevLite\DeepDevLite.dproj]
  CtrlTasks.pas(111): Hint warning H2077: Value assigned to 'TTaskController.UpdateTaskStatus' never used [D:\_Progs\02Business\DeepDevLite\DeepDevLite.dproj]
  HelperFiles.pas(49): Hint warning H2077: Value assigned to 'WriteFileContent' never used [D:\_Progs\02Business\DeepDevLite\DeepDevLite.dproj]
  CtrlTestRunner.pas(282): Hint warning H2077: Value assigned to 'ExitCode' never used [D:\_Progs\02Business\DeepDevLite\DeepDevLite.dproj]
  CtrlReport.pas(100): Hint warning H2443: Inline function 'TFDParam.SetAsString' has not been expanded because unit 'FireDAC.Stan.Param' is not specified in USES list [D:\_Progs\02Business\DeepDevLite\DeepDevLite.dproj]
  CtrlReport.pas(101): Hint warning H2443: Inline function 'TFDParam.SetAsString' has not been expanded because unit 'FireDAC.Stan.Param' is not specified in USES list [D:\_Progs\02Business\DeepDevLite\DeepDevLite.dproj]
  CtrlReport.pas(102): Hint warning H2443: Inline function 'TFDParam.SetAsString' has not been expanded because unit 'FireDAC.Stan.Param' is not specified in USES list [D:\_Progs\02Business\DeepDevLite\DeepDevLite.dproj]
  CtrlReport.pas(103): Hint warning H2443: Inline function 'TFDParam.SetAsString' has not been expanded because unit 'FireDAC.Stan.Param' is not specified in USES list [D:\_Progs\02Business\DeepDevLite\DeepDevLite.dproj]
  CtrlReport.pas(104): Hint warning H2443: Inline function 'TFDParam.SetAsString' has not been expanded because unit 'FireDAC.Stan.Param' is not specified in USES list [D:\_Progs\02Business\DeepDevLite\DeepDevLite.dproj]
  CtrlReport.pas(105): Hint warning H2443: Inline function 'TFDParam.SetAsString' has not been expanded because unit 'FireDAC.Stan.Param' is not specified in USES list [D:\_Progs\02Business\DeepDevLite\DeepDevLite.dproj]
  CtrlReport.pas(106): Hint warning H2443: Inline function 'TFDParam.SetAsInteger' has not been expanded because unit 'FireDAC.Stan.Param' is not specified in USES list [D:\_Progs\02Business\DeepDevLite\DeepDevLite.dproj]
  CtrlReport.pas(107): Hint warning H2443: Inline function 'TFDParam.SetAsString' has not been expanded because unit 'FireDAC.Stan.Param' is not specified in USES list [D:\_Progs\02Business\DeepDevLite\DeepDevLite.dproj]
  CtrlReport.pas(91): Hint warning H2077: Value assigned to 'TReportController.SaveReport' never used [D:\_Progs\02Business\DeepDevLite\DeepDevLite.dproj]
  CtrlReport.pas(125): Hint warning H2443: Inline function 'TFDParam.SetAsString' has not been expanded because unit 'FireDAC.Stan.Param' is not specified in USES list [D:\_Progs\02Business\DeepDevLite\DeepDevLite.dproj]
  CtrlReport.pas(166): Hint warning H2077: Value assigned to 'TReportController.SaveOutputCode' never used [D:\_Progs\02Business\DeepDevLite\DeepDevLite.dproj]
  CtrlReport.pas(196): warning W1057: Implicit string cast from 'AnsiString' to 'string' [D:\_Progs\02Business\DeepDevLite\DeepDevLite.dproj]
  CtrlReport.pas(232): warning W1057: Implicit string cast from 'AnsiString' to 'string' [D:\_Progs\02Business\DeepDevLite\DeepDevLite.dproj]
  CtrlReport.pas(233): warning W1057: Implicit string cast from 'AnsiString' to 'string' [D:\_Progs\02Business\DeepDevLite\DeepDevLite.dproj]
  CtrlReport.pas(190): Hint warning H2077: Value assigned to 'TReportController.SaveSealRecord' never used [D:\_Progs\02Business\DeepDevLite\DeepDevLite.dproj]
  CtrlCardGenerator.pas(70): warning W1057: Implicit string cast from 'AnsiString' to 'string' [D:\_Progs\02Business\DeepDevLite\DeepDevLite.dproj]
  CtrlCardGenerator.pas(71): warning W1057: Implicit string cast from 'AnsiString' to 'string' [D:\_Progs\02Business\DeepDevLite\DeepDevLite.dproj]
  CtrlCardGenerator.pas(82): warning W1057: Implicit string cast from 'AnsiString' to 'string' [D:\_Progs\02Business\DeepDevLite\DeepDevLite.dproj]
  CtrlCardGenerator.pas(92): warning W1057: Implicit string cast from 'AnsiString' to 'string' [D:\_Progs\02Business\DeepDevLite\DeepDevLite.dproj]
  CtrlCardGenerator.pas(93): warning W1057: Implicit string cast from 'AnsiString' to 'string' [D:\_Progs\02Business\DeepDevLite\DeepDevLite.dproj]
  CtrlCardGenerator.pas(102): warning W1057: Implicit string cast from 'AnsiString' to 'string' [D:\_Progs\02Business\DeepDevLite\DeepDevLite.dproj]
  CtrlCardGenerator.pas(110): warning W1057: Implicit string cast from 'AnsiString' to 'string' [D:\_Progs\02Business\DeepDevLite\DeepDevLite.dproj]
  CtrlCardGenerator.pas(111): warning W1057: Implicit string cast from 'AnsiString' to 'string' [D:\_Progs\02Business\DeepDevLite\DeepDevLite.dproj]
  CtrlCardGenerator.pas(121): warning W1057: Implicit string cast from 'AnsiString' to 'string' [D:\_Progs\02Business\DeepDevLite\DeepDevLite.dproj]
  CtrlCardGenerator.pas(130): warning W1057: Implicit string cast from 'AnsiString' to 'string' [D:\_Progs\02Business\DeepDevLite\DeepDevLite.dproj]
  CtrlCardGenerator.pas(131): warning W1057: Implicit string cast from 'AnsiString' to 'string' [D:\_Progs\02Business\DeepDevLite\DeepDevLite.dproj]
  CtrlCardGenerator.pas(140): warning W1057: Implicit string cast from 'AnsiString' to 'string' [D:\_Progs\02Business\DeepDevLite\DeepDevLite.dproj]
  CtrlCardGenerator.pas(148): warning W1057: Implicit string cast from 'AnsiString' to 'string' [D:\_Progs\02Business\DeepDevLite\DeepDevLite.dproj]
  CtrlCardGenerator.pas(149): warning W1057: Implicit string cast from 'AnsiString' to 'string' [D:\_Progs\02Business\DeepDevLite\DeepDevLite.dproj]
  CtrlCardGenerator.pas(159): warning W1057: Implicit string cast from 'AnsiString' to 'string' [D:\_Progs\02Business\DeepDevLite\DeepDevLite.dproj]
  CtrlCardGenerator.pas(169): warning W1057: Implicit string cast from 'AnsiString' to 'string' [D:\_Progs\02Business\DeepDevLite\DeepDevLite.dproj]
  CtrlCardGenerator.pas(178): warning W1057: Implicit string cast from 'AnsiString' to 'string' [D:\_Progs\02Business\DeepDevLite\DeepDevLite.dproj]
  CtrlCardGenerator.pas(186): warning W1057: Implicit string cast from 'AnsiString' to 'string' [D:\_Progs\02Business\DeepDevLite\DeepDevLite.dproj]
  CtrlCardGenerator.pas(187): warning W1057: Implicit string cast from 'AnsiString' to 'string' [D:\_Progs\02Business\DeepDevLite\DeepDevLite.dproj]
  CtrlCardGenerator.pas(198): warning W1057: Implicit string cast from 'AnsiString' to 'string' [D:\_Progs\02Business\DeepDevLite\DeepDevLite.dproj]
  CtrlCardGenerator.pas(208): warning W1057: Implicit string cast from 'AnsiString' to 'string' [D:\_Progs\02Business\DeepDevLite\DeepDevLite.dproj]
  CtrlCardGenerator.pas(217): warning W1057: Implicit string cast from 'AnsiString' to 'string' [D:\_Progs\02Business\DeepDevLite\DeepDevLite.dproj]
  CtrlCardGenerator.pas(218): warning W1057: Implicit string cast from 'AnsiString' to 'string' [D:\_Progs\02Business\DeepDevLite\DeepDevLite.dproj]
  CtrlCardGenerator.pas(429): Hint warning H2077: Value assigned to 'TCardGeneratorController.ExportToPNG' never used [D:\_Progs\02Business\DeepDevLite\DeepDevLite.dproj]
  FraContractEditor.pas(101): warning W1000: Symbol 'DisposeOf' is deprecated: 'Use Free instead' [D:\_Progs\02Business\DeepDevLite\DeepDevLite.dproj]
  FraContractEditor.pas(119): Hint warning H2164: Variable 'EdtDesc' is declared but never used in 'TFrameContractEditor.AddScenarioCard' [D:\_Progs\02Business\DeepDevLite\DeepDevLite.dproj]
  FraReport.pas(49): warning W1057: Implicit string cast from 'AnsiString' to 'string' [D:\_Progs\02Business\DeepDevLite\DeepDevLite.dproj]
  FraReport.pas(54): warning W1057: Implicit string cast from 'AnsiString' to 'string' [D:\_Progs\02Business\DeepDevLite\DeepDevLite.dproj]
  FraReport.pas(87): warning W1000: Symbol 'DisposeOf' is deprecated: 'Use Free instead' [D:\_Progs\02Business\DeepDevLite\DeepDevLite.dproj]
  FraCardGenerator.pas(135): warning W1057: Implicit string cast from 'AnsiString' to 'string' [D:\_Progs\02Business\DeepDevLite\DeepDevLite.dproj]
  FraSettings.pas(68): warning W1057: Implicit string cast from 'AnsiString' to 'string' [D:\_Progs\02Business\DeepDevLite\DeepDevLite.dproj]
  FraSettings.pas(79): warning W1057: Implicit string cast from 'AnsiString' to 'string' [D:\_Progs\02Business\DeepDevLite\DeepDevLite.dproj]
  FraSettings.pas(85): warning W1057: Implicit string cast from 'AnsiString' to 'string' [D:\_Progs\02Business\DeepDevLite\DeepDevLite.dproj]
  ViewMain.pas(156): warning W1057: Implicit string cast from 'AnsiString' to 'string' [D:\_Progs\02Business\DeepDevLite\DeepDevLite.dproj]
  ViewMain.pas(166): warning W1057: Implicit string cast from 'AnsiString' to 'string' [D:\_Progs\02Business\DeepDevLite\DeepDevLite.dproj]
  ViewMain.pas(180): warning W1057: Implicit string cast from 'AnsiString' to 'string' [D:\_Progs\02Business\DeepDevLite\DeepDevLite.dproj]
  ViewMain.pas(228): warning W1057: Implicit string cast from 'AnsiString' to 'string' [D:\_Progs\02Business\DeepDevLite\DeepDevLite.dproj]
  ViewMain.pas(253): warning W1057: Implicit string cast from 'AnsiString' to 'string' [D:\_Progs\02Business\DeepDevLite\DeepDevLite.dproj]
  ViewMain.pas(263): warning W1057: Implicit string cast from 'AnsiString' to 'string' [D:\_Progs\02Business\DeepDevLite\DeepDevLite.dproj]
  ViewMain.pas(273): warning W1057: Implicit string cast from 'AnsiString' to 'string' [D:\_Progs\02Business\DeepDevLite\DeepDevLite.dproj]
  ViewMain.pas(278): warning W1057: Implicit string cast from 'AnsiString' to 'string' [D:\_Progs\02Business\DeepDevLite\DeepDevLite.dproj]
  ViewMain.pas(304): warning W1057: Implicit string cast from 'AnsiString' to 'string' [D:\_Progs\02Business\DeepDevLite\DeepDevLite.dproj]
  ViewMain.pas(343): warning W1057: Implicit string cast from 'AnsiString' to 'string' [D:\_Progs\02Business\DeepDevLite\DeepDevLite.dproj]
  ViewMain.pas(347): warning W1057: Implicit string cast from 'AnsiString' to 'string' [D:\_Progs\02Business\DeepDevLite\DeepDevLite.dproj]
  ViewMain.pas(348): warning W1057: Implicit string cast from 'AnsiString' to 'string' [D:\_Progs\02Business\DeepDevLite\DeepDevLite.dproj]
  ViewMain.pas(349): warning W1057: Implicit string cast from 'AnsiString' to 'string' [D:\_Progs\02Business\DeepDevLite\DeepDevLite.dproj]
  ViewMain.pas(350): warning W1057: Implicit string cast from 'AnsiString' to 'string' [D:\_Progs\02Business\DeepDevLite\DeepDevLite.dproj]
  ViewMain.pas(45): Hint warning H2219: Private symbol 'GenerateTest' declared but never used [D:\_Progs\02Business\DeepDevLite\DeepDevLite.dproj]
  ViewMain.pas(46): Hint warning H2219: Private symbol 'RunTest' declared but never used [D:\_Progs\02Business\DeepDevLite\DeepDevLite.dproj]
  ViewMain.pas(47): Hint warning H2219: Private symbol 'HandleTestResults' declared but never used [D:\_Progs\02Business\DeepDevLite\DeepDevLite.dproj]
  ViewMain.pas(51): Hint warning H2219: Private symbol 'CopyCodeToClipboard' declared but never used [D:\_Progs\02Business\DeepDevLite\DeepDevLite.dproj]
  ViewMain.pas(52): Hint warning H2219: Private symbol 'CopyShareLink' declared but never used [D:\_Progs\02Business\DeepDevLite\DeepDevLite.dproj]

    146 个警告
    0 个错误

已用时间 00:00:03.63
